Component: ARM Compiler 5.06 update 3 (build 300) Tool: armlink [4d35c9]

==============================================================================

Section Cross References

    startup_stm32f030x6.o(RESET) refers to startup_stm32f030x6.o(STACK) for __initial_sp
    startup_stm32f030x6.o(RESET) refers to startup_stm32f030x6.o(.text) for Reset_Handler
    startup_stm32f030x6.o(RESET) refers to stm32f0xx_it.o(i.NMI_Handler) for NMI_Handler
    startup_stm32f030x6.o(RESET) refers to stm32f0xx_it.o(i.HardFault_Handler) for HardFault_Handler
    startup_stm32f030x6.o(RESET) refers to stm32f0xx_it.o(i.SVC_Handler) for SVC_Handler
    startup_stm32f030x6.o(RESET) refers to stm32f0xx_it.o(i.PendSV_Handler) for PendSV_Handler
    startup_stm32f030x6.o(RESET) refers to stm32f0xx_it.o(i.SysTick_Handler) for SysTick_Handler
    startup_stm32f030x6.o(RESET) refers to main.o(i.EXTI0_1_IRQHandler) for EXTI0_1_IRQHandler
    startup_stm32f030x6.o(RESET) refers to main.o(i.EXTI2_3_IRQHandler) for EXTI2_3_IRQHandler
    startup_stm32f030x6.o(RESET) refers to main.o(i.EXTI4_15_IRQHandler) for EXTI4_15_IRQHandler
    startup_stm32f030x6.o(.text) refers to system_stm32f0xx.o(i.SystemInit) for SystemInit
    startup_stm32f030x6.o(.text) refers to entry.o(.ARM.Collect$$$$00000000) for __main
    main.o(i.SystemClock_Config) refers to stm32f0xx_ll_utils.o(i.LL_Init1msTick) for LL_Init1msTick
    main.o(i.SystemClock_Config) refers to stm32f0xx_ll_utils.o(i.LL_SetSystemCoreClock) for LL_SetSystemCoreClock
    main.o(i.SystemClock_Config) refers to main.o(i.NVIC_SetPriority) for NVIC_SetPriority
    main.o(i.U_EXTI_Init) refers to main.o(i.LL_SYSCFG_SetEXTISource) for LL_SYSCFG_SetEXTISource
    main.o(i.U_EXTI_Init) refers to stm32f0xx_ll_exti.o(i.LL_EXTI_Init) for LL_EXTI_Init
    main.o(i.main) refers to main.o(i.NVIC_SetPriority) for NVIC_SetPriority
    main.o(i.main) refers to main.o(i.SystemClock_Config) for SystemClock_Config
    main.o(i.main) refers to gpio.o(i.MX_GPIO_Init) for MX_GPIO_Init
    main.o(i.main) refers to usart.o(i.MX_USART1_UART_Init) for MX_USART1_UART_Init
    main.o(i.main) refers to stm32f0xx_ll_utils.o(i.LL_mDelay) for LL_mDelay
    main.o(i.main) refers to main.o(i.U_EXTI_Init) for U_EXTI_Init
    gpio.o(i.MX_GPIO_Init) refers to gpio.o(i.LL_AHB1_GRP1_EnableClock) for LL_AHB1_GRP1_EnableClock
    gpio.o(i.MX_GPIO_Init) refers to stm32f0xx_ll_gpio.o(i.LL_GPIO_Init) for LL_GPIO_Init
    usart.o(i.MX_USART1_UART_Init) refers to stm32f0xx_ll_gpio.o(i.LL_GPIO_Init) for LL_GPIO_Init
    usart.o(i.MX_USART1_UART_Init) refers to stm32f0xx_ll_usart.o(i.LL_USART_Init) for LL_USART_Init
    stm32f0xx_ll_gpio.o(i.LL_GPIO_DeInit) refers to stm32f0xx_ll_gpio.o(i.LL_AHB1_GRP1_ForceReset) for LL_AHB1_GRP1_ForceReset
    stm32f0xx_ll_gpio.o(i.LL_GPIO_DeInit) refers to stm32f0xx_ll_gpio.o(i.LL_AHB1_GRP1_ReleaseReset) for LL_AHB1_GRP1_ReleaseReset
    stm32f0xx_ll_usart.o(i.LL_USART_Init) refers to stm32f0xx_ll_rcc.o(i.LL_RCC_GetUSARTClockFreq) for LL_RCC_GetUSARTClockFreq
    stm32f0xx_ll_usart.o(i.LL_USART_Init) refers to uidiv.o(.text) for __aeabi_uidivmod
    stm32f0xx_ll_rcc.o(i.LL_RCC_GetI2CClockFreq) refers to stm32f0xx_ll_rcc.o(i.RCC_GetSystemClockFreq) for RCC_GetSystemClockFreq
    stm32f0xx_ll_rcc.o(i.LL_RCC_GetSystemClocksFreq) refers to stm32f0xx_ll_rcc.o(i.RCC_GetSystemClockFreq) for RCC_GetSystemClockFreq
    stm32f0xx_ll_rcc.o(i.LL_RCC_GetSystemClocksFreq) refers to stm32f0xx_ll_rcc.o(i.RCC_GetHCLKClockFreq) for RCC_GetHCLKClockFreq
    stm32f0xx_ll_rcc.o(i.LL_RCC_GetSystemClocksFreq) refers to stm32f0xx_ll_rcc.o(i.RCC_GetPCLK1ClockFreq) for RCC_GetPCLK1ClockFreq
    stm32f0xx_ll_rcc.o(i.LL_RCC_GetUSARTClockFreq) refers to stm32f0xx_ll_rcc.o(i.RCC_GetSystemClockFreq) for RCC_GetSystemClockFreq
    stm32f0xx_ll_rcc.o(i.LL_RCC_GetUSARTClockFreq) refers to stm32f0xx_ll_rcc.o(i.RCC_GetHCLKClockFreq) for RCC_GetHCLKClockFreq
    stm32f0xx_ll_rcc.o(i.LL_RCC_GetUSARTClockFreq) refers to stm32f0xx_ll_rcc.o(i.RCC_GetPCLK1ClockFreq) for RCC_GetPCLK1ClockFreq
    stm32f0xx_ll_rcc.o(i.RCC_GetHCLKClockFreq) refers to system_stm32f0xx.o(.constdata) for AHBPrescTable
    stm32f0xx_ll_rcc.o(i.RCC_GetPCLK1ClockFreq) refers to system_stm32f0xx.o(.constdata) for APBPrescTable
    stm32f0xx_ll_rcc.o(i.RCC_GetSystemClockFreq) refers to stm32f0xx_ll_rcc.o(i.RCC_PLL_GetFreqDomain_SYS) for RCC_PLL_GetFreqDomain_SYS
    stm32f0xx_ll_rcc.o(i.RCC_PLL_GetFreqDomain_SYS) refers to uidiv.o(.text) for __aeabi_uidivmod
    stm32f0xx_ll_dma.o(i.LL_DMA_Init) refers to stm32f0xx_ll_dma.o(.constdata) for .constdata
    stm32f0xx_ll_utils.o(i.LL_Init1msTick) refers to uidiv.o(.text) for __aeabi_uidivmod
    stm32f0xx_ll_utils.o(i.LL_PLL_ConfigSystemClock_HSE) refers to stm32f0xx_ll_utils.o(i.UTILS_PLL_IsBusy) for UTILS_PLL_IsBusy
    stm32f0xx_ll_utils.o(i.LL_PLL_ConfigSystemClock_HSE) refers to stm32f0xx_ll_utils.o(i.UTILS_GetPLLOutputFrequency) for UTILS_GetPLLOutputFrequency
    stm32f0xx_ll_utils.o(i.LL_PLL_ConfigSystemClock_HSE) refers to stm32f0xx_ll_utils.o(i.LL_RCC_PLL_ConfigDomain_SYS) for LL_RCC_PLL_ConfigDomain_SYS
    stm32f0xx_ll_utils.o(i.LL_PLL_ConfigSystemClock_HSE) refers to stm32f0xx_ll_utils.o(i.UTILS_EnablePLLAndSwitchSystem) for UTILS_EnablePLLAndSwitchSystem
    stm32f0xx_ll_utils.o(i.LL_PLL_ConfigSystemClock_HSI) refers to stm32f0xx_ll_utils.o(i.UTILS_PLL_IsBusy) for UTILS_PLL_IsBusy
    stm32f0xx_ll_utils.o(i.LL_PLL_ConfigSystemClock_HSI) refers to stm32f0xx_ll_utils.o(i.UTILS_GetPLLOutputFrequency) for UTILS_GetPLLOutputFrequency
    stm32f0xx_ll_utils.o(i.LL_PLL_ConfigSystemClock_HSI) refers to stm32f0xx_ll_utils.o(i.LL_RCC_PLL_ConfigDomain_SYS) for LL_RCC_PLL_ConfigDomain_SYS
    stm32f0xx_ll_utils.o(i.LL_PLL_ConfigSystemClock_HSI) refers to stm32f0xx_ll_utils.o(i.UTILS_EnablePLLAndSwitchSystem) for UTILS_EnablePLLAndSwitchSystem
    stm32f0xx_ll_utils.o(i.LL_SetSystemCoreClock) refers to system_stm32f0xx.o(.data) for SystemCoreClock
    stm32f0xx_ll_utils.o(i.UTILS_EnablePLLAndSwitchSystem) refers to stm32f0xx_ll_utils.o(i.UTILS_SetFlashLatency) for UTILS_SetFlashLatency
    stm32f0xx_ll_utils.o(i.UTILS_EnablePLLAndSwitchSystem) refers to system_stm32f0xx.o(.constdata) for AHBPrescTable
    stm32f0xx_ll_utils.o(i.UTILS_EnablePLLAndSwitchSystem) refers to system_stm32f0xx.o(.data) for SystemCoreClock
    stm32f0xx_ll_utils.o(i.UTILS_GetPLLOutputFrequency) refers to uidiv.o(.text) for __aeabi_uidivmod
    system_stm32f0xx.o(i.SystemCoreClockUpdate) refers to uidiv.o(.text) for __aeabi_uidivmod
    system_stm32f0xx.o(i.SystemCoreClockUpdate) refers to system_stm32f0xx.o(.data) for .data
    system_stm32f0xx.o(i.SystemCoreClockUpdate) refers to system_stm32f0xx.o(.constdata) for .constdata
    entry.o(.ARM.Collect$$$$00000000) refers (Special) to entry10a.o(.ARM.Collect$$$$0000000D) for __rt_final_cpp
    entry.o(.ARM.Collect$$$$00000000) refers (Special) to entry11a.o(.ARM.Collect$$$$0000000F) for __rt_final_exit
    entry.o(.ARM.Collect$$$$00000000) refers (Special) to entry7b.o(.ARM.Collect$$$$00000008) for _main_clock
    entry.o(.ARM.Collect$$$$00000000) refers (Special) to entry8b.o(.ARM.Collect$$$$0000000A) for _main_cpp_init
    entry.o(.ARM.Collect$$$$00000000) refers (Special) to entry9a.o(.ARM.Collect$$$$0000000B) for _main_init
    entry.o(.ARM.Collect$$$$00000000) refers (Special) to entry5.o(.ARM.Collect$$$$00000004) for _main_scatterload
    entry.o(.ARM.Collect$$$$00000000) refers (Special) to entry2.o(.ARM.Collect$$$$00000001) for _main_stk
    entry2.o(.ARM.Collect$$$$00000001) refers to entry2.o(.ARM.Collect$$$$00002712) for __lit__00000000
    entry2.o(.ARM.Collect$$$$00002712) refers to startup_stm32f030x6.o(STACK) for __initial_sp
    entry2.o(__vectab_stack_and_reset_area) refers to startup_stm32f030x6.o(STACK) for __initial_sp
    entry2.o(__vectab_stack_and_reset_area) refers to entry.o(.ARM.Collect$$$$00000000) for __main
    entry5.o(.ARM.Collect$$$$00000004) refers to init.o(.text) for __scatterload
    entry9a.o(.ARM.Collect$$$$0000000B) refers to main.o(i.main) for main
    entry9b.o(.ARM.Collect$$$$0000000C) refers to main.o(i.main) for main
    init.o(.text) refers to entry5.o(.ARM.Collect$$$$00000004) for __main_after_scatterload


==============================================================================

Removing Unused input sections from the image.

    Removing startup_stm32f030x6.o(HEAP), (512 bytes).
    Removing main.o(.rev16_text), (4 bytes).
    Removing main.o(.revsh_text), (4 bytes).
    Removing main.o(i._Error_Handler), (2 bytes).
    Removing gpio.o(.rev16_text), (4 bytes).
    Removing gpio.o(.revsh_text), (4 bytes).
    Removing usart.o(.rev16_text), (4 bytes).
    Removing usart.o(.revsh_text), (4 bytes).
    Removing stm32f0xx_it.o(.rev16_text), (4 bytes).
    Removing stm32f0xx_it.o(.revsh_text), (4 bytes).
    Removing stm32f0xx_ll_gpio.o(.rev16_text), (4 bytes).
    Removing stm32f0xx_ll_gpio.o(.revsh_text), (4 bytes).
    Removing stm32f0xx_ll_gpio.o(i.LL_AHB1_GRP1_ForceReset), (16 bytes).
    Removing stm32f0xx_ll_gpio.o(i.LL_AHB1_GRP1_ReleaseReset), (16 bytes).
    Removing stm32f0xx_ll_gpio.o(i.LL_GPIO_DeInit), (96 bytes).
    Removing stm32f0xx_ll_gpio.o(i.LL_GPIO_StructInit), (24 bytes).
    Removing stm32f0xx_ll_exti.o(.rev16_text), (4 bytes).
    Removing stm32f0xx_ll_exti.o(.revsh_text), (4 bytes).
    Removing stm32f0xx_ll_exti.o(i.LL_EXTI_DeInit), (36 bytes).
    Removing stm32f0xx_ll_exti.o(i.LL_EXTI_StructInit), (14 bytes).
    Removing stm32f0xx_ll_pwr.o(.rev16_text), (4 bytes).
    Removing stm32f0xx_ll_pwr.o(.revsh_text), (4 bytes).
    Removing stm32f0xx_ll_pwr.o(i.LL_PWR_DeInit), (28 bytes).
    Removing stm32f0xx_ll_usart.o(.rev16_text), (4 bytes).
    Removing stm32f0xx_ll_usart.o(.revsh_text), (4 bytes).
    Removing stm32f0xx_ll_usart.o(i.LL_USART_ClockInit), (60 bytes).
    Removing stm32f0xx_ll_usart.o(i.LL_USART_ClockStructInit), (12 bytes).
    Removing stm32f0xx_ll_usart.o(i.LL_USART_DeInit), (40 bytes).
    Removing stm32f0xx_ll_usart.o(i.LL_USART_StructInit), (24 bytes).
    Removing stm32f0xx_ll_rcc.o(.rev16_text), (4 bytes).
    Removing stm32f0xx_ll_rcc.o(.revsh_text), (4 bytes).
    Removing stm32f0xx_ll_rcc.o(i.LL_RCC_DeInit), (100 bytes).
    Removing stm32f0xx_ll_rcc.o(i.LL_RCC_GetI2CClockFreq), (48 bytes).
    Removing stm32f0xx_ll_rcc.o(i.LL_RCC_GetSystemClocksFreq), (24 bytes).
    Removing stm32f0xx_ll_dma.o(.rev16_text), (4 bytes).
    Removing stm32f0xx_ll_dma.o(.revsh_text), (4 bytes).
    Removing stm32f0xx_ll_dma.o(i.LL_DMA_DeInit), (124 bytes).
    Removing stm32f0xx_ll_dma.o(i.LL_DMA_Init), (92 bytes).
    Removing stm32f0xx_ll_dma.o(i.LL_DMA_StructInit), (24 bytes).
    Removing stm32f0xx_ll_dma.o(.constdata), (5 bytes).
    Removing stm32f0xx_ll_utils.o(.rev16_text), (4 bytes).
    Removing stm32f0xx_ll_utils.o(.revsh_text), (4 bytes).
    Removing stm32f0xx_ll_utils.o(i.LL_PLL_ConfigSystemClock_HSE), (104 bytes).
    Removing stm32f0xx_ll_utils.o(i.LL_PLL_ConfigSystemClock_HSI), (84 bytes).
    Removing stm32f0xx_ll_utils.o(i.LL_RCC_PLL_ConfigDomain_SYS), (44 bytes).
    Removing stm32f0xx_ll_utils.o(i.UTILS_EnablePLLAndSwitchSystem), (152 bytes).
    Removing stm32f0xx_ll_utils.o(i.UTILS_GetPLLOutputFrequency), (24 bytes).
    Removing stm32f0xx_ll_utils.o(i.UTILS_PLL_IsBusy), (20 bytes).
    Removing stm32f0xx_ll_utils.o(i.UTILS_SetFlashLatency), (52 bytes).
    Removing system_stm32f0xx.o(.rev16_text), (4 bytes).
    Removing system_stm32f0xx.o(.revsh_text), (4 bytes).
    Removing system_stm32f0xx.o(i.SystemCoreClockUpdate), (108 bytes).

52 unused section(s) (total 1981 bytes) removed from the image.

==============================================================================

Image Symbol Table

    Local Symbols

    Symbol Name                              Value     Ov Type        Size  Object(Section)

    ..//Src/system_stm32f0xx.c               0x00000000   Number         0  system_stm32f0xx.o ABSOLUTE
    ../Drivers/STM32F0xx_HAL_Driver/Src/stm32f0xx_ll_dma.c 0x00000000   Number         0  stm32f0xx_ll_dma.o ABSOLUTE
    ../Drivers/STM32F0xx_HAL_Driver/Src/stm32f0xx_ll_exti.c 0x00000000   Number         0  stm32f0xx_ll_exti.o ABSOLUTE
    ../Drivers/STM32F0xx_HAL_Driver/Src/stm32f0xx_ll_gpio.c 0x00000000   Number         0  stm32f0xx_ll_gpio.o ABSOLUTE
    ../Drivers/STM32F0xx_HAL_Driver/Src/stm32f0xx_ll_pwr.c 0x00000000   Number         0  stm32f0xx_ll_pwr.o ABSOLUTE
    ../Drivers/STM32F0xx_HAL_Driver/Src/stm32f0xx_ll_rcc.c 0x00000000   Number         0  stm32f0xx_ll_rcc.o ABSOLUTE
    ../Drivers/STM32F0xx_HAL_Driver/Src/stm32f0xx_ll_usart.c 0x00000000   Number         0  stm32f0xx_ll_usart.o ABSOLUTE
    ../Drivers/STM32F0xx_HAL_Driver/Src/stm32f0xx_ll_utils.c 0x00000000   Number         0  stm32f0xx_ll_utils.o ABSOLUTE
    ../Src/gpio.c                            0x00000000   Number         0  gpio.o ABSOLUTE
    ../Src/main.c                            0x00000000   Number         0  main.o ABSOLUTE
    ../Src/stm32f0xx_it.c                    0x00000000   Number         0  stm32f0xx_it.o ABSOLUTE
    ../Src/usart.c                           0x00000000   Number         0  usart.o ABSOLUTE
    ../clib/microlib/division.c              0x00000000   Number         0  uidiv.o ABSOLUTE
    ../clib/microlib/init/entry.s            0x00000000   Number         0  entry10a.o ABSOLUTE
    ../clib/microlib/init/entry.s            0x00000000   Number         0  entry11b.o ABSOLUTE
    ../clib/microlib/init/entry.s            0x00000000   Number         0  entry11a.o ABSOLUTE
    ../clib/microlib/init/entry.s            0x00000000   Number         0  entry7b.o ABSOLUTE
    ../clib/microlib/init/entry.s            0x00000000   Number         0  entry7a.o ABSOLUTE
    ../clib/microlib/init/entry.s            0x00000000   Number         0  entry8b.o ABSOLUTE
    ../clib/microlib/init/entry.s            0x00000000   Number         0  entry5.o ABSOLUTE
    ../clib/microlib/init/entry.s            0x00000000   Number         0  entry2.o ABSOLUTE
    ../clib/microlib/init/entry.s            0x00000000   Number         0  entry.o ABSOLUTE
    ../clib/microlib/init/entry.s            0x00000000   Number         0  entry9a.o ABSOLUTE
    ../clib/microlib/init/entry.s            0x00000000   Number         0  entry9b.o ABSOLUTE
    ../clib/microlib/init/entry.s            0x00000000   Number         0  entry10b.o ABSOLUTE
    ../clib/microlib/init/entry.s            0x00000000   Number         0  entry8a.o ABSOLUTE
    ..\Drivers\STM32F0xx_HAL_Driver\Src\stm32f0xx_ll_dma.c 0x00000000   Number         0  stm32f0xx_ll_dma.o ABSOLUTE
    ..\Drivers\STM32F0xx_HAL_Driver\Src\stm32f0xx_ll_exti.c 0x00000000   Number         0  stm32f0xx_ll_exti.o ABSOLUTE
    ..\Drivers\STM32F0xx_HAL_Driver\Src\stm32f0xx_ll_gpio.c 0x00000000   Number         0  stm32f0xx_ll_gpio.o ABSOLUTE
    ..\Drivers\STM32F0xx_HAL_Driver\Src\stm32f0xx_ll_pwr.c 0x00000000   Number         0  stm32f0xx_ll_pwr.o ABSOLUTE
    ..\Drivers\STM32F0xx_HAL_Driver\Src\stm32f0xx_ll_rcc.c 0x00000000   Number         0  stm32f0xx_ll_rcc.o ABSOLUTE
    ..\Drivers\STM32F0xx_HAL_Driver\Src\stm32f0xx_ll_usart.c 0x00000000   Number         0  stm32f0xx_ll_usart.o ABSOLUTE
    ..\Drivers\STM32F0xx_HAL_Driver\Src\stm32f0xx_ll_utils.c 0x00000000   Number         0  stm32f0xx_ll_utils.o ABSOLUTE
    ..\Src\gpio.c                            0x00000000   Number         0  gpio.o ABSOLUTE
    ..\Src\main.c                            0x00000000   Number         0  main.o ABSOLUTE
    ..\Src\stm32f0xx_it.c                    0x00000000   Number         0  stm32f0xx_it.o ABSOLUTE
    ..\Src\usart.c                           0x00000000   Number         0  usart.o ABSOLUTE
    ..\\Src\system_stm32f0xx.c               0x00000000   Number         0  system_stm32f0xx.o ABSOLUTE
    dc.s                                     0x00000000   Number         0  dc.o ABSOLUTE
    handlers.s                               0x00000000   Number         0  handlers.o ABSOLUTE
    init.s                                   0x00000000   Number         0  init.o ABSOLUTE
    startup_stm32f030x6.s                    0x00000000   Number         0  startup_stm32f030x6.o ABSOLUTE
    RESET                                    0x08000000   Section      176  startup_stm32f030x6.o(RESET)
    .ARM.Collect$$$$00000000                 0x080000b0   Section        0  entry.o(.ARM.Collect$$$$00000000)
    .ARM.Collect$$$$00000001                 0x080000b0   Section        4  entry2.o(.ARM.Collect$$$$00000001)
    .ARM.Collect$$$$00000004                 0x080000b4   Section        4  entry5.o(.ARM.Collect$$$$00000004)
    .ARM.Collect$$$$00000008                 0x080000b8   Section        0  entry7b.o(.ARM.Collect$$$$00000008)
    .ARM.Collect$$$$0000000A                 0x080000b8   Section        0  entry8b.o(.ARM.Collect$$$$0000000A)
    .ARM.Collect$$$$0000000B                 0x080000b8   Section        8  entry9a.o(.ARM.Collect$$$$0000000B)
    .ARM.Collect$$$$0000000D                 0x080000c0   Section        0  entry10a.o(.ARM.Collect$$$$0000000D)
    .ARM.Collect$$$$0000000F                 0x080000c0   Section        0  entry11a.o(.ARM.Collect$$$$0000000F)
    .ARM.Collect$$$$00002712                 0x080000c0   Section        4  entry2.o(.ARM.Collect$$$$00002712)
    __lit__00000000                          0x080000c0   Data           4  entry2.o(.ARM.Collect$$$$00002712)
    .text                                    0x080000c4   Section       28  startup_stm32f030x6.o(.text)
    .text                                    0x080000e0   Section        0  uidiv.o(.text)
    .text                                    0x0800010c   Section       36  init.o(.text)
    i.EXTI0_1_IRQHandler                     0x08000130   Section        0  main.o(i.EXTI0_1_IRQHandler)
    i.EXTI2_3_IRQHandler                     0x0800013c   Section        0  main.o(i.EXTI2_3_IRQHandler)
    i.EXTI4_15_IRQHandler                    0x08000148   Section        0  main.o(i.EXTI4_15_IRQHandler)
    i.HardFault_Handler                      0x08000154   Section        0  stm32f0xx_it.o(i.HardFault_Handler)
    i.LL_AHB1_GRP1_EnableClock               0x08000158   Section        0  gpio.o(i.LL_AHB1_GRP1_EnableClock)
    LL_AHB1_GRP1_EnableClock                 0x08000159   Thumb Code    18  gpio.o(i.LL_AHB1_GRP1_EnableClock)
    i.LL_EXTI_Init                           0x08000170   Section        0  stm32f0xx_ll_exti.o(i.LL_EXTI_Init)
    i.LL_GPIO_Init                           0x08000210   Section        0  stm32f0xx_ll_gpio.o(i.LL_GPIO_Init)
    i.LL_Init1msTick                         0x080002b8   Section        0  stm32f0xx_ll_utils.o(i.LL_Init1msTick)
    i.LL_RCC_GetUSARTClockFreq               0x080002d8   Section        0  stm32f0xx_ll_rcc.o(i.LL_RCC_GetUSARTClockFreq)
    i.LL_SYSCFG_SetEXTISource                0x0800032c   Section        0  main.o(i.LL_SYSCFG_SetEXTISource)
    LL_SYSCFG_SetEXTISource                  0x0800032d   Thumb Code    28  main.o(i.LL_SYSCFG_SetEXTISource)
    i.LL_SetSystemCoreClock                  0x0800034c   Section        0  stm32f0xx_ll_utils.o(i.LL_SetSystemCoreClock)
    i.LL_USART_Init                          0x08000358   Section        0  stm32f0xx_ll_usart.o(i.LL_USART_Init)
    i.LL_mDelay                              0x080003f0   Section        0  stm32f0xx_ll_utils.o(i.LL_mDelay)
    i.MX_GPIO_Init                           0x08000410   Section        0  gpio.o(i.MX_GPIO_Init)
    i.MX_USART1_UART_Init                    0x0800069c   Section        0  usart.o(i.MX_USART1_UART_Init)
    i.NMI_Handler                            0x08000738   Section        0  stm32f0xx_it.o(i.NMI_Handler)
    i.NVIC_SetPriority                       0x0800073c   Section        0  main.o(i.NVIC_SetPriority)
    NVIC_SetPriority                         0x0800073d   Thumb Code    60  main.o(i.NVIC_SetPriority)
    i.PendSV_Handler                         0x08000780   Section        0  stm32f0xx_it.o(i.PendSV_Handler)
    i.RCC_GetHCLKClockFreq                   0x08000784   Section        0  stm32f0xx_ll_rcc.o(i.RCC_GetHCLKClockFreq)
    i.RCC_GetPCLK1ClockFreq                  0x080007a0   Section        0  stm32f0xx_ll_rcc.o(i.RCC_GetPCLK1ClockFreq)
    i.RCC_GetSystemClockFreq                 0x080007b8   Section        0  stm32f0xx_ll_rcc.o(i.RCC_GetSystemClockFreq)
    i.RCC_PLL_GetFreqDomain_SYS              0x080007dc   Section        0  stm32f0xx_ll_rcc.o(i.RCC_PLL_GetFreqDomain_SYS)
    i.SVC_Handler                            0x08000818   Section        0  stm32f0xx_it.o(i.SVC_Handler)
    i.SysTick_Handler                        0x0800081a   Section        0  stm32f0xx_it.o(i.SysTick_Handler)
    i.SystemClock_Config                     0x0800081c   Section        0  main.o(i.SystemClock_Config)
    i.SystemInit                             0x080008ac   Section        0  system_stm32f0xx.o(i.SystemInit)
    i.U_EXTI_Init                            0x08000908   Section        0  main.o(i.U_EXTI_Init)
    i.__scatterload_copy                     0x08000946   Section       14  handlers.o(i.__scatterload_copy)
    i.__scatterload_null                     0x08000954   Section        2  handlers.o(i.__scatterload_null)
    i.__scatterload_zeroinit                 0x08000956   Section       14  handlers.o(i.__scatterload_zeroinit)
    i.main                                   0x08000964   Section        0  main.o(i.main)
    .constdata                               0x080009e8   Section       16  system_stm32f0xx.o(.constdata)
    .constdata                               0x080009f8   Section        8  system_stm32f0xx.o(.constdata)
    .data                                    0x20000000   Section        4  system_stm32f0xx.o(.data)
    STACK                                    0x20000008   Section     1024  startup_stm32f030x6.o(STACK)

    Global Symbols

    Symbol Name                              Value     Ov Type        Size  Object(Section)

    BuildAttributes$$THM_ISAv3M$S$PE$A:L22$X:L11$S22$IEEE1$IW$USESV6$~STKCKD$USESV7$~SHL$OSPACE$EBA8$MICROLIB$REQ8$PRES8$EABIv2 0x00000000   Number         0  anon$$obj.o ABSOLUTE
    __ARM_use_no_argv                        0x00000000   Number         0  main.o ABSOLUTE
    __cpp_initialize__aeabi_                  - Undefined Weak Reference
    __cxa_finalize                            - Undefined Weak Reference
    __decompress                              - Undefined Weak Reference
    _clock_init                               - Undefined Weak Reference
    _microlib_exit                            - Undefined Weak Reference
    __Vectors_Size                           0x000000b0   Number         0  startup_stm32f030x6.o ABSOLUTE
    __Vectors                                0x08000000   Data           4  startup_stm32f030x6.o(RESET)
    __Vectors_End                            0x080000b0   Data           0  startup_stm32f030x6.o(RESET)
    __main                                   0x080000b1   Thumb Code     0  entry.o(.ARM.Collect$$$$00000000)
    _main_stk                                0x080000b1   Thumb Code     0  entry2.o(.ARM.Collect$$$$00000001)
    _main_scatterload                        0x080000b5   Thumb Code     0  entry5.o(.ARM.Collect$$$$00000004)
    __main_after_scatterload                 0x080000b9   Thumb Code     0  entry5.o(.ARM.Collect$$$$00000004)
    _main_clock                              0x080000b9   Thumb Code     0  entry7b.o(.ARM.Collect$$$$00000008)
    _main_cpp_init                           0x080000b9   Thumb Code     0  entry8b.o(.ARM.Collect$$$$0000000A)
    _main_init                               0x080000b9   Thumb Code     0  entry9a.o(.ARM.Collect$$$$0000000B)
    __rt_final_cpp                           0x080000c1   Thumb Code     0  entry10a.o(.ARM.Collect$$$$0000000D)
    __rt_final_exit                          0x080000c1   Thumb Code     0  entry11a.o(.ARM.Collect$$$$0000000F)
    Reset_Handler                            0x080000c5   Thumb Code     8  startup_stm32f030x6.o(.text)
    ADC1_IRQHandler                          0x080000d7   Thumb Code     0  startup_stm32f030x6.o(.text)
    DMA1_Channel1_IRQHandler                 0x080000d7   Thumb Code     0  startup_stm32f030x6.o(.text)
    DMA1_Channel2_3_IRQHandler               0x080000d7   Thumb Code     0  startup_stm32f030x6.o(.text)
    DMA1_Channel4_5_IRQHandler               0x080000d7   Thumb Code     0  startup_stm32f030x6.o(.text)
    FLASH_IRQHandler                         0x080000d7   Thumb Code     0  startup_stm32f030x6.o(.text)
    I2C1_IRQHandler                          0x080000d7   Thumb Code     0  startup_stm32f030x6.o(.text)
    RCC_IRQHandler                           0x080000d7   Thumb Code     0  startup_stm32f030x6.o(.text)
    RTC_IRQHandler                           0x080000d7   Thumb Code     0  startup_stm32f030x6.o(.text)
    SPI1_IRQHandler                          0x080000d7   Thumb Code     0  startup_stm32f030x6.o(.text)
    TIM14_IRQHandler                         0x080000d7   Thumb Code     0  startup_stm32f030x6.o(.text)
    TIM16_IRQHandler                         0x080000d7   Thumb Code     0  startup_stm32f030x6.o(.text)
    TIM17_IRQHandler                         0x080000d7   Thumb Code     0  startup_stm32f030x6.o(.text)
    TIM1_BRK_UP_TRG_COM_IRQHandler           0x080000d7   Thumb Code     0  startup_stm32f030x6.o(.text)
    TIM1_CC_IRQHandler                       0x080000d7   Thumb Code     0  startup_stm32f030x6.o(.text)
    TIM3_IRQHandler                          0x080000d7   Thumb Code     0  startup_stm32f030x6.o(.text)
    USART1_IRQHandler                        0x080000d7   Thumb Code     0  startup_stm32f030x6.o(.text)
    WWDG_IRQHandler                          0x080000d7   Thumb Code     0  startup_stm32f030x6.o(.text)
    __aeabi_uidiv                            0x080000e1   Thumb Code     0  uidiv.o(.text)
    __aeabi_uidivmod                         0x080000e1   Thumb Code    44  uidiv.o(.text)
    __scatterload                            0x0800010d   Thumb Code    28  init.o(.text)
    __scatterload_rt2                        0x0800010d   Thumb Code     0  init.o(.text)
    EXTI0_1_IRQHandler                       0x08000131   Thumb Code     8  main.o(i.EXTI0_1_IRQHandler)
    EXTI2_3_IRQHandler                       0x0800013d   Thumb Code     8  main.o(i.EXTI2_3_IRQHandler)
    EXTI4_15_IRQHandler                      0x08000149   Thumb Code     8  main.o(i.EXTI4_15_IRQHandler)
    HardFault_Handler                        0x08000155   Thumb Code     2  stm32f0xx_it.o(i.HardFault_Handler)
    LL_EXTI_Init                             0x08000171   Thumb Code   156  stm32f0xx_ll_exti.o(i.LL_EXTI_Init)
    LL_GPIO_Init                             0x08000211   Thumb Code   168  stm32f0xx_ll_gpio.o(i.LL_GPIO_Init)
    LL_Init1msTick                           0x080002b9   Thumb Code    26  stm32f0xx_ll_utils.o(i.LL_Init1msTick)
    LL_RCC_GetUSARTClockFreq                 0x080002d9   Thumb Code    76  stm32f0xx_ll_rcc.o(i.LL_RCC_GetUSARTClockFreq)
    LL_SetSystemCoreClock                    0x0800034d   Thumb Code     6  stm32f0xx_ll_utils.o(i.LL_SetSystemCoreClock)
    LL_USART_Init                            0x08000359   Thumb Code   140  stm32f0xx_ll_usart.o(i.LL_USART_Init)
    LL_mDelay                                0x080003f1   Thumb Code    28  stm32f0xx_ll_utils.o(i.LL_mDelay)
    MX_GPIO_Init                             0x08000411   Thumb Code   638  gpio.o(i.MX_GPIO_Init)
    MX_USART1_UART_Init                      0x0800069d   Thumb Code   146  usart.o(i.MX_USART1_UART_Init)
    NMI_Handler                              0x08000739   Thumb Code     2  stm32f0xx_it.o(i.NMI_Handler)
    PendSV_Handler                           0x08000781   Thumb Code     2  stm32f0xx_it.o(i.PendSV_Handler)
    RCC_GetHCLKClockFreq                     0x08000785   Thumb Code    18  stm32f0xx_ll_rcc.o(i.RCC_GetHCLKClockFreq)
    RCC_GetPCLK1ClockFreq                    0x080007a1   Thumb Code    16  stm32f0xx_ll_rcc.o(i.RCC_GetPCLK1ClockFreq)
    RCC_GetSystemClockFreq                   0x080007b9   Thumb Code    28  stm32f0xx_ll_rcc.o(i.RCC_GetSystemClockFreq)
    RCC_PLL_GetFreqDomain_SYS                0x080007dd   Thumb Code    50  stm32f0xx_ll_rcc.o(i.RCC_PLL_GetFreqDomain_SYS)
    SVC_Handler                              0x08000819   Thumb Code     2  stm32f0xx_it.o(i.SVC_Handler)
    SysTick_Handler                          0x0800081b   Thumb Code     2  stm32f0xx_it.o(i.SysTick_Handler)
    SystemClock_Config                       0x0800081d   Thumb Code   128  main.o(i.SystemClock_Config)
    SystemInit                               0x080008ad   Thumb Code    78  system_stm32f0xx.o(i.SystemInit)
    U_EXTI_Init                              0x08000909   Thumb Code    62  main.o(i.U_EXTI_Init)
    __scatterload_copy                       0x08000947   Thumb Code    14  handlers.o(i.__scatterload_copy)
    __scatterload_null                       0x08000955   Thumb Code     2  handlers.o(i.__scatterload_null)
    __scatterload_zeroinit                   0x08000957   Thumb Code    14  handlers.o(i.__scatterload_zeroinit)
    main                                     0x08000965   Thumb Code   114  main.o(i.main)
    AHBPrescTable                            0x080009e8   Data          16  system_stm32f0xx.o(.constdata)
    APBPrescTable                            0x080009f8   Data           8  system_stm32f0xx.o(.constdata)
    Region$$Table$$Base                      0x08000a00   Number         0  anon$$obj.o(Region$$Table)
    Region$$Table$$Limit                     0x08000a20   Number         0  anon$$obj.o(Region$$Table)
    SystemCoreClock                          0x20000000   Data           4  system_stm32f0xx.o(.data)
    __initial_sp                             0x20000408   Data           0  startup_stm32f030x6.o(STACK)



==============================================================================

Memory Map of the image

  Image Entry point : 0x080000b1

  Load Region LR_IROM1 (Base: 0x08000000, Size: 0x00000a24, Max: 0x00008000, ABSOLUTE)

    Execution Region ER_IROM1 (Base: 0x08000000, Size: 0x00000a20, Max: 0x00008000, ABSOLUTE)

    Base Addr    Size         Type   Attr      Idx    E Section Name        Object

    0x08000000   0x000000b0   Data   RO            3    RESET               startup_stm32f030x6.o
    0x080000b0   0x00000000   Code   RO          634  * .ARM.Collect$$$$00000000  mc_p.l(entry.o)
    0x080000b0   0x00000004   Code   RO          639    .ARM.Collect$$$$00000001  mc_p.l(entry2.o)
    0x080000b4   0x00000004   Code   RO          642    .ARM.Collect$$$$00000004  mc_p.l(entry5.o)
    0x080000b8   0x00000000   Code   RO          644    .ARM.Collect$$$$00000008  mc_p.l(entry7b.o)
    0x080000b8   0x00000000   Code   RO          646    .ARM.Collect$$$$0000000A  mc_p.l(entry8b.o)
    0x080000b8   0x00000008   Code   RO          647    .ARM.Collect$$$$0000000B  mc_p.l(entry9a.o)
    0x080000c0   0x00000000   Code   RO          649    .ARM.Collect$$$$0000000D  mc_p.l(entry10a.o)
    0x080000c0   0x00000000   Code   RO          651    .ARM.Collect$$$$0000000F  mc_p.l(entry11a.o)
    0x080000c0   0x00000004   Code   RO          640    .ARM.Collect$$$$00002712  mc_p.l(entry2.o)
    0x080000c4   0x0000001c   Code   RO            4    .text               startup_stm32f030x6.o
    0x080000e0   0x0000002c   Code   RO          637    .text               mc_p.l(uidiv.o)
    0x0800010c   0x00000024   Code   RO          653    .text               mc_p.l(init.o)
    0x08000130   0x0000000c   Code   RO           12    i.EXTI0_1_IRQHandler  main.o
    0x0800013c   0x0000000c   Code   RO           13    i.EXTI2_3_IRQHandler  main.o
    0x08000148   0x0000000c   Code   RO           14    i.EXTI4_15_IRQHandler  main.o
    0x08000154   0x00000002   Code   RO          218    i.HardFault_Handler  stm32f0xx_it.o
    0x08000156   0x00000002   PAD
    0x08000158   0x00000018   Code   RO          146    i.LL_AHB1_GRP1_EnableClock  gpio.o
    0x08000170   0x000000a0   Code   RO          317    i.LL_EXTI_Init      stm32f0xx_ll_exti.o
    0x08000210   0x000000a8   Code   RO          271    i.LL_GPIO_Init      stm32f0xx_ll_gpio.o
    0x080002b8   0x00000020   Code   RO          524    i.LL_Init1msTick    stm32f0xx_ll_utils.o
    0x080002d8   0x00000054   Code   RO          427    i.LL_RCC_GetUSARTClockFreq  stm32f0xx_ll_rcc.o
    0x0800032c   0x00000020   Code   RO           15    i.LL_SYSCFG_SetEXTISource  main.o
    0x0800034c   0x0000000c   Code   RO          528    i.LL_SetSystemCoreClock  stm32f0xx_ll_utils.o
    0x08000358   0x00000098   Code   RO          377    i.LL_USART_Init     stm32f0xx_ll_usart.o
    0x080003f0   0x00000020   Code   RO          529    i.LL_mDelay         stm32f0xx_ll_utils.o
    0x08000410   0x0000028c   Code   RO          147    i.MX_GPIO_Init      gpio.o
    0x0800069c   0x0000009c   Code   RO          189    i.MX_USART1_UART_Init  usart.o
    0x08000738   0x00000002   Code   RO          219    i.NMI_Handler       stm32f0xx_it.o
    0x0800073a   0x00000002   PAD
    0x0800073c   0x00000044   Code   RO           16    i.NVIC_SetPriority  main.o
    0x08000780   0x00000002   Code   RO          220    i.PendSV_Handler    stm32f0xx_it.o
    0x08000782   0x00000002   PAD
    0x08000784   0x0000001c   Code   RO          428    i.RCC_GetHCLKClockFreq  stm32f0xx_ll_rcc.o
    0x080007a0   0x00000018   Code   RO          429    i.RCC_GetPCLK1ClockFreq  stm32f0xx_ll_rcc.o
    0x080007b8   0x00000024   Code   RO          430    i.RCC_GetSystemClockFreq  stm32f0xx_ll_rcc.o
    0x080007dc   0x0000003c   Code   RO          431    i.RCC_PLL_GetFreqDomain_SYS  stm32f0xx_ll_rcc.o
    0x08000818   0x00000002   Code   RO          221    i.SVC_Handler       stm32f0xx_it.o
    0x0800081a   0x00000002   Code   RO          222    i.SysTick_Handler   stm32f0xx_it.o
    0x0800081c   0x00000090   Code   RO           17    i.SystemClock_Config  main.o
    0x080008ac   0x0000005c   Code   RO          603    i.SystemInit        system_stm32f0xx.o
    0x08000908   0x0000003e   Code   RO           18    i.U_EXTI_Init       main.o
    0x08000946   0x0000000e   Code   RO          657    i.__scatterload_copy  mc_p.l(handlers.o)
    0x08000954   0x00000002   Code   RO          658    i.__scatterload_null  mc_p.l(handlers.o)
    0x08000956   0x0000000e   Code   RO          659    i.__scatterload_zeroinit  mc_p.l(handlers.o)
    0x08000964   0x00000084   Code   RO           20    i.main              main.o
    0x080009e8   0x00000010   Data   RO          604    .constdata          system_stm32f0xx.o
    0x080009f8   0x00000008   Data   RO          605    .constdata          system_stm32f0xx.o
    0x08000a00   0x00000020   Data   RO          655    Region$$Table       anon$$obj.o


    Execution Region RW_IRAM1 (Base: 0x20000000, Size: 0x00000408, Max: 0x00001000, ABSOLUTE)

    Base Addr    Size         Type   Attr      Idx    E Section Name        Object

    0x20000000   0x00000004   Data   RW          606    .data               system_stm32f0xx.o
    0x20000004   0x00000004   PAD
    0x20000008   0x00000400   Zero   RW            1    STACK               startup_stm32f030x6.o


==============================================================================

Image component sizes


      Code (inc. data)   RO Data    RW Data    ZI Data      Debug   Object Name

       676         20          0          0          0       7699   gpio.o
       474         58          0          0          0     209187   main.o
        28          8        176          0       1024        628   startup_stm32f030x6.o
        10          0          0          0          0       2051   stm32f0xx_it.o
       160          4          0          0          0       4875   stm32f0xx_ll_exti.o
       168          0          0          0          0       6739   stm32f0xx_ll_gpio.o
       232         44          0          0          0      16679   stm32f0xx_ll_rcc.o
       152         12          0          0          0      16884   stm32f0xx_ll_usart.o
        76         16          0          0          0       5917   stm32f0xx_ll_utils.o
        92         14         24          4          0       1167   system_stm32f0xx.o
       156         10          0          0          0      20866   usart.o

    ----------------------------------------------------------------------
      2230        186        232          4       1028     292692   Object Totals
         0          0         32          0          0          0   (incl. Generated)
         6          0          0          0          4          0   (incl. Padding)

    ----------------------------------------------------------------------

      Code (inc. data)   RO Data    RW Data    ZI Data      Debug   Library Member Name

         0          0          0          0          0          0   entry.o
         0          0          0          0          0          0   entry10a.o
         0          0          0          0          0          0   entry11a.o
         8          4          0          0          0          0   entry2.o
         4          0          0          0          0          0   entry5.o
         0          0          0          0          0          0   entry7b.o
         0          0          0          0          0          0   entry8b.o
         8          4          0          0          0          0   entry9a.o
        30          0          0          0          0          0   handlers.o
        36          8          0          0          0         68   init.o
        44          0          0          0          0         72   uidiv.o

    ----------------------------------------------------------------------
       130         16          0          0          0        140   Library Totals
         0          0          0          0          0          0   (incl. Padding)

    ----------------------------------------------------------------------

      Code (inc. data)   RO Data    RW Data    ZI Data      Debug   Library Name

       130         16          0          0          0        140   mc_p.l

    ----------------------------------------------------------------------
       130         16          0          0          0        140   Library Totals

    ----------------------------------------------------------------------

==============================================================================


      Code (inc. data)   RO Data    RW Data    ZI Data      Debug   

      2360        202        232          4       1028     291928   Grand Totals
      2360        202        232          4       1028     291928   ELF Image Totals
      2360        202        232          4          0          0   ROM Totals

==============================================================================

    Total RO  Size (Code + RO Data)                 2592 (   2.53kB)
    Total RW  Size (RW Data + ZI Data)              1032 (   1.01kB)
    Total ROM Size (Code + RO Data + RW Data)       2596 (   2.54kB)

==============================================================================

